[2026-04-28T10:04:22.353Z] listCustomizations Error: Error: Table 'support_db.customization_subsections' doesn't exist
    at PromisePool.execute (C:\Users\thama\Documents\GitHub\flashcloud_support_ticket\flashcloud_support_ticket\backend\node_modules\mysql2\lib\promise\pool.js:54:22)
    at ManagementRepository.listCustomizations (C:\Users\thama\Documents\GitHub\flashcloud_support_ticket\flashcloud_support_ticket\backend\src\repositories\managementRepository.ts:505:31)
    at ManagementService.listCustomizations (C:\Users\thama\Documents\GitHub\flashcloud_support_ticket\flashcloud_support_ticket\backend\src\services\managementService.ts:620:53)
    at processTicksAndRejections (node:internal/process/task_queues:105:5)
    at listCustomizations (C:\Users\thama\Documents\GitHub\flashcloud_support_ticket\flashcloud_support_ticket\backend\src\controllers\managementQueryController.ts:79:22)
[2026-04-28T10:04:22.421Z] listCustomizations Error: Error: Table 'support_db.customization_subsections' doesn't exist
    at PromisePool.execute (C:\Users\thama\Documents\GitHub\flashcloud_support_ticket\flashcloud_support_ticket\backend\node_modules\mysql2\lib\promise\pool.js:54:22)
    at ManagementRepository.listCustomizations (C:\Users\thama\Documents\GitHub\flashcloud_support_ticket\flashcloud_support_ticket\backend\src\repositories\managementRepository.ts:505:31)
    at ManagementService.listCustomizations (C:\Users\thama\Documents\GitHub\flashcloud_support_ticket\flashcloud_support_ticket\backend\src\services\managementService.ts:620:53)
    at processTicksAndRejections (node:internal/process/task_queues:105:5)
    at listCustomizations (C:\Users\thama\Documents\GitHub\flashcloud_support_ticket\flashcloud_support_ticket\backend\src\controllers\managementQueryController.ts:79:22)
[2026-04-28T10:07:45.130Z] listCustomizations Error: Error: Table 'support_db.customization_subsections' doesn't exist
    at PromisePool.execute (C:\Users\thama\Documents\GitHub\flashcloud_support_ticket\flashcloud_support_ticket\backend\node_modules\mysql2\lib\promise\pool.js:54:22)
    at ManagementRepository.listCustomizations (C:\Users\thama\Documents\GitHub\flashcloud_support_ticket\flashcloud_support_ticket\backend\src\repositories\managementRepository.ts:505:31)
    at ManagementService.listCustomizations (C:\Users\thama\Documents\GitHub\flashcloud_support_ticket\flashcloud_support_ticket\backend\src\services\managementService.ts:620:53)
    at processTicksAndRejections (node:internal/process/task_queues:105:5)
    at listCustomizations (C:\Users\thama\Documents\GitHub\flashcloud_support_ticket\flashcloud_support_ticket\backend\src\controllers\managementQueryController.ts:79:22)
[2026-04-28T10:07:45.155Z] listCustomizations Error: Error: Table 'support_db.customization_subsections' doesn't exist
    at PromisePool.execute (C:\Users\thama\Documents\GitHub\flashcloud_support_ticket\flashcloud_support_ticket\backend\node_modules\mysql2\lib\promise\pool.js:54:22)
    at ManagementRepository.listCustomizations (C:\Users\thama\Documents\GitHub\flashcloud_support_ticket\flashcloud_support_ticket\backend\src\repositories\managementRepository.ts:505:31)
    at ManagementService.listCustomizations (C:\Users\thama\Documents\GitHub\flashcloud_support_ticket\flashcloud_support_ticket\backend\src\services\managementService.ts:620:53)
    at processTicksAndRejections (node:internal/process/task_queues:105:5)
    at listCustomizations (C:\Users\thama\Documents\GitHub\flashcloud_support_ticket\flashcloud_support_ticket\backend\src\controllers\managementQueryController.ts:79:22)
[2026-04-28T10:11:31.285Z] listCustomizations Error: Error: Table 'support_db.customization_subsections' doesn't exist
    at PromisePool.execute (C:\Users\thama\Documents\GitHub\flashcloud_support_ticket\flashcloud_support_ticket\backend\node_modules\mysql2\lib\promise\pool.js:54:22)
    at ManagementRepository.listCustomizations (C:\Users\thama\Documents\GitHub\flashcloud_support_ticket\flashcloud_support_ticket\backend\src\repositories\managementRepository.ts:505:31)
    at ManagementService.listCustomizations (C:\Users\thama\Documents\GitHub\flashcloud_support_ticket\flashcloud_support_ticket\backend\src\services\managementService.ts:620:53)
    at processTicksAndRejections (node:internal/process/task_queues:105:5)
    at listCustomizations (C:\Users\thama\Documents\GitHub\flashcloud_support_ticket\flashcloud_support_ticket\backend\src\controllers\managementQueryController.ts:79:22)
[2026-04-28T10:11:31.312Z] listCustomizations Error: Error: Table 'support_db.customization_subsections' doesn't exist
    at PromisePool.execute (C:\Users\thama\Documents\GitHub\flashcloud_support_ticket\flashcloud_support_ticket\backend\node_modules\mysql2\lib\promise\pool.js:54:22)
    at ManagementRepository.listCustomizations (C:\Users\thama\Documents\GitHub\flashcloud_support_ticket\flashcloud_support_ticket\backend\src\repositories\managementRepository.ts:505:31)
    at ManagementService.listCustomizations (C:\Users\thama\Documents\GitHub\flashcloud_support_ticket\flashcloud_support_ticket\backend\src\services\managementService.ts:620:53)
    at processTicksAndRejections (node:internal/process/task_queues:105:5)
    at listCustomizations (C:\Users\thama\Documents\GitHub\flashcloud_support_ticket\flashcloud_support_ticket\backend\src\controllers\managementQueryController.ts:79:22)
[2026-04-28T10:26:38.563Z] listCustomizations Error: Error: Table 'support_db.customization_subsections' doesn't exist
    at PromisePool.execute (C:\Users\thama\Documents\GitHub\flashcloud_support_ticket\flashcloud_support_ticket\backend\node_modules\mysql2\lib\promise\pool.js:54:22)
    at ManagementRepository.listCustomizations (C:\Users\thama\Documents\GitHub\flashcloud_support_ticket\flashcloud_support_ticket\backend\src\repositories\managementRepository.ts:477:31)
    at ManagementService.listCustomizations (C:\Users\thama\Documents\GitHub\flashcloud_support_ticket\flashcloud_support_ticket\backend\src\services\managementService.ts:620:53)
    at processTicksAndRejections (node:internal/process/task_queues:105:5)
    at listCustomizations (C:\Users\thama\Documents\GitHub\flashcloud_support_ticket\flashcloud_support_ticket\backend\src\controllers\managementQueryController.ts:79:22)
[2026-04-28T10:26:38.631Z] listCustomizations Error: Error: Table 'support_db.customization_subsections' doesn't exist
    at PromisePool.execute (C:\Users\thama\Documents\GitHub\flashcloud_support_ticket\flashcloud_support_ticket\backend\node_modules\mysql2\lib\promise\pool.js:54:22)
    at ManagementRepository.listCustomizations (C:\Users\thama\Documents\GitHub\flashcloud_support_ticket\flashcloud_support_ticket\backend\src\repositories\managementRepository.ts:477:31)
    at ManagementService.listCustomizations (C:\Users\thama\Documents\GitHub\flashcloud_support_ticket\flashcloud_support_ticket\backend\src\services\managementService.ts:620:53)
    at processTicksAndRejections (node:internal/process/task_queues:105:5)
    at listCustomizations (C:\Users\thama\Documents\GitHub\flashcloud_support_ticket\flashcloud_support_ticket\backend\src\controllers\managementQueryController.ts:79:22)
[2026-04-28T10:26:50.506Z] listCustomizations Error: Error: Table 'support_db.customization_subsections' doesn't exist
    at PromisePool.execute (C:\Users\thama\Documents\GitHub\flashcloud_support_ticket\flashcloud_support_ticket\backend\node_modules\mysql2\lib\promise\pool.js:54:22)
    at ManagementRepository.listCustomizations (C:\Users\thama\Documents\GitHub\flashcloud_support_ticket\flashcloud_support_ticket\backend\src\repositories\managementRepository.ts:477:31)
    at ManagementService.listCustomizations (C:\Users\thama\Documents\GitHub\flashcloud_support_ticket\flashcloud_support_ticket\backend\src\services\managementService.ts:620:53)
    at processTicksAndRejections (node:internal/process/task_queues:105:5)
    at listCustomizations (C:\Users\thama\Documents\GitHub\flashcloud_support_ticket\flashcloud_support_ticket\backend\src\controllers\managementQueryController.ts:79:22)
[2026-04-28T10:26:50.530Z] listCustomizations Error: Error: Table 'support_db.customization_subsections' doesn't exist
    at PromisePool.execute (C:\Users\thama\Documents\GitHub\flashcloud_support_ticket\flashcloud_support_ticket\backend\node_modules\mysql2\lib\promise\pool.js:54:22)
    at ManagementRepository.listCustomizations (C:\Users\thama\Documents\GitHub\flashcloud_support_ticket\flashcloud_support_ticket\backend\src\repositories\managementRepository.ts:477:31)
    at ManagementService.listCustomizations (C:\Users\thama\Documents\GitHub\flashcloud_support_ticket\flashcloud_support_ticket\backend\src\services\managementService.ts:620:53)
    at processTicksAndRejections (node:internal/process/task_queues:105:5)
    at listCustomizations (C:\Users\thama\Documents\GitHub\flashcloud_support_ticket\flashcloud_support_ticket\backend\src\controllers\managementQueryController.ts:79:22)
[2026-04-29T03:28:06.754Z] listCustomizations Error: ApiError: Unauthorized: Invalid token payload
    at ManagementService.getRequesterUser (C:\Users\thama\Documents\GitHub\flashcloud_support_ticket\flashcloud_support_ticket\backend\src\services\managementService.ts:109:13)
    at ManagementService.listCustomizations (C:\Users\thama\Documents\GitHub\flashcloud_support_ticket\flashcloud_support_ticket\backend\src\services\managementService.ts:594:16)
    at listCustomizations (C:\Users\thama\Documents\GitHub\flashcloud_support_ticket\flashcloud_support_ticket\backend\src\controllers\managementQueryController.ts:79:51)
    at Layer.handleRequest (C:\Users\thama\Documents\GitHub\flashcloud_support_ticket\flashcloud_support_ticket\backend\node_modules\router\lib\layer.js:152:17)
    at next (C:\Users\thama\Documents\GitHub\flashcloud_support_ticket\flashcloud_support_ticket\backend\node_modules\router\lib\route.js:157:13)
    at C:\Users\thama\Documents\GitHub\flashcloud_support_ticket\flashcloud_support_ticket\backend\src\middleware\authenticate.ts:15:7
    at Layer.handleRequest (C:\Users\thama\Documents\GitHub\flashcloud_support_ticket\flashcloud_support_ticket\backend\node_modules\router\lib\layer.js:152:17)
    at next (C:\Users\thama\Documents\GitHub\flashcloud_support_ticket\flashcloud_support_ticket\backend\node_modules\router\lib\route.js:157:13)
    at Route.dispatch (C:\Users\thama\Documents\GitHub\flashcloud_support_ticket\flashcloud_support_ticket\backend\node_modules\router\lib\route.js:117:3)
    at handle (C:\Users\thama\Documents\GitHub\flashcloud_support_ticket\flashcloud_support_ticket\backend\node_modules\router\index.js:435:11)
